<html>
<body>
<pre>
<h1>µVision Build Log</h1>
<h2>Tool Versions:</h2>
IDE-Version: ¦ÌVision V5.40.0.0
Copyright (C) 2024 ARM Ltd and ARM Germany GmbH. All rights reserved.
License Information: Harry HarryWang, wu, LIC=IK1BF-6MRHF-HLCCL-023T8-TB5KX-SREU3
 
Tool Versions:
Toolchain:       MDK-ARM Plus  Version: 5.40.0.3
Toolchain Path:  D:\MDK5\ARM\ARMCLANG\Bin
C Compiler:      ArmClang.exe V6.22
Assembler:       Armasm.exe V6.22
Linker/Locator:  ArmLink.exe V6.22
Library Manager: ArmAr.exe V6.22
Hex Converter:   FromElf.exe V6.22
CPU DLL:         SARMCM3.DLL V5.40.0.3
Dialog DLL:      DCM.DLL V1.17.5.0
Target DLL:      CMSIS_AGDI.dll V1.33.18.0
Dialog DLL:      TCM.DLL V1.56.4.0
 
<h2>Project:</h2>
D:\HarryWang\Work\STM32\STM32H7\WorkSpace\H750XBH6\Template\Project\MDK-ARM\Template.uvprojx
Project File Date:  11/10/2024

<h2>Output:</h2>
*** Using Compiler 'V6.22', folder: 'D:\MDK5\ARM\ARMCLANG\Bin'
Rebuild target 'Template'
compiling bsp_w25qxx.c...
compiling bsp.c...
compiling bsp_timer.c...
compiling main.c...
compiling bsp_iic.c...
compiling bsp_rgb.c...
compiling bsp_key.c...
compiling stm32h7xx_hal.c...
assembling startup_stm32h743xx.s...
compiling stm32h7xx_it.c...
compiling system_stm32h7xx.c...
compiling bsp_uart.c...
compiling bsp_sht40.c...
compiling stm32h7xx_hal_comp.c...
compiling stm32h7xx_hal_cordic.c...
compiling stm32h7xx_hal_adc.c...
compiling stm32h7xx_hal_cryp.c...
compiling stm32h7xx_hal_crc.c...
compiling stm32h7xx_hal_cryp_ex.c...
compiling stm32h7xx_hal_cec.c...
compiling stm32h7xx_hal_cortex.c...
compiling stm32h7xx_hal_adc_ex.c...
compiling stm32h7xx_hal_crc_ex.c...
compiling stm32h7xx_hal_dac_ex.c...
compiling stm32h7xx_hal_dac.c...
compiling stm32h7xx_hal_dcmi.c...
compiling stm32h7xx_hal_dfsdm_ex.c...
compiling stm32h7xx_hal_dfsdm.c...
compiling stm32h7xx_hal_dma.c...
compiling stm32h7xx_hal_dma2d.c...
compiling stm32h7xx_hal_dma_ex.c...
compiling stm32h7xx_hal_fmac.c...
compiling stm32h7xx_hal_dts.c...
compiling stm32h7xx_hal_eth.c...
compiling stm32h7xx_hal_gfxmmu.c...
compiling stm32h7xx_hal_dsi.c...
compiling stm32h7xx_hal_eth_ex.c...
compiling stm32h7xx_hal_hash.c...
compiling stm32h7xx_hal_hash_ex.c...
compiling stm32h7xx_hal_i2s_ex.c...
compiling stm32h7xx_hal_i2c_ex.c...
compiling stm32h7xx_hal_gpio.c...
compiling stm32h7xx_hal_i2s.c...
compiling stm32h7xx_hal_fdcan.c...
compiling stm32h7xx_hal_i2c.c...
compiling stm32h7xx_hal_irda.c...
compiling stm32h7xx_hal_hsem.c...
compiling stm32h7xx_hal_hrtim.c...
compiling stm32h7xx_hal_ltdc_ex.c...
compiling stm32h7xx_hal_iwdg.c...
compiling stm32h7xx_hal_msp_template.c...
compiling stm32h7xx_hal_mdios.c...
compiling stm32h7xx_hal_opamp_ex.c...
compiling stm32h7xx_hal_ospi.c...
compiling stm32h7xx_hal_lptim.c...
compiling stm32h7xx_hal_opamp.c...
compiling stm32h7xx_hal_ltdc.c...
compiling stm32h7xx_hal_pssi.c...
compiling stm32h7xx_hal_mdma.c...
compiling stm32h7xx_hal_otfdec.c...
compiling stm32h7xx_hal_jpeg.c...
compiling stm32h7xx_hal_ramecc.c...
compiling stm32h7xx_hal_pwr_ex.c...
compiling stm32h7xx_hal_pwr.c...
compiling stm32h7xx_hal_qspi.c...
compiling stm32h7xx_hal_rcc.c...
compiling stm32h7xx_hal_rcc_ex.c...
compiling stm32h7xx_hal_rng_ex.c...
compiling stm32h7xx_hal_sai_ex.c...
compiling stm32h7xx_hal_rtc_ex.c...
compiling stm32h7xx_hal_rng.c...
compiling stm32h7xx_hal_sai.c...
compiling stm32h7xx_hal_smartcard_ex.c...
compiling stm32h7xx_hal_rtc.c...
compiling stm32h7xx_hal_smartcard.c...
compiling stm32h7xx_hal_smbus.c...
compiling stm32h7xx_hal_spdifrx.c...
compiling stm32h7xx_hal_smbus_ex.c...
compiling stm32h7xx_hal_swpmi.c...
compiling stm32h7xx_hal_spi_ex.c...
compiling stm32h7xx_hal_timebase_tim_template.c...
compiling stm32h7xx_hal_spi.c...
compiling SEGGER_RTT_printf.c...
compiling stm32h7xx_hal_usart_ex.c...
compiling SEGGER_RTT.c...
compiling stm32h7xx_hal_wwdg.c...
compiling stm32h7xx_hal_uart_ex.c...
compiling stm32h7xx_hal_tim.c...
compiling stm32h7xx_hal_tim_ex.c...
compiling SEGGER_HardFaultHandler.c...
compiling stm32h7xx_hal_usart.c...
compiling stm32h7xx_hal_uart.c...
assembling HardFaultHandler.S...
linking...
Program Size: Code=38246 RO-data=1330 RW-data=20 ZI-data=4700  
FromELF: creating hex file...
"..\..\Output\Template.axf" - 0 Error(s), 0 Warning(s).

<h2>Software Packages used:</h2>

Package Vendor: Keil
                https://www.keil.com/pack/Keil.STM32H7xx_DFP.3.1.1.pack
                Keil::STM32H7xx_DFP@3.1.1
                STMicroelectronics STM32H7 Series Device Support and Examples

<h2>Collection of Component include folders:</h2>
  D:/MDK5/ARM/Pack/Keil/STM32H7xx_DFP/3.1.1/Drivers/CMSIS/Device/ST/STM32H7xx/Include

<h2>Collection of Component Files used:</h2>
Build Time Elapsed:  00:00:18
</pre>
</body>
</html>
